apiVersion: v1
data:
  blackbox.yaml: |
    modules:
      http_2xx:
        http:
          follow_redirects: true
          preferred_ip_protocol: ip4
          valid_http_versions:
          - HTTP/1.1
          - HTTP/2.0
        prober: http
        timeout: 5s
      http_check:
        http:
          follow_redirects: true
          preferred_ip_protocol: ip4
          tls_config:
            insecure_skip_verify: true
          valid_http_versions:
          - HTTP/1.1
          - HTTP/2.0
          valid_status_codes:
          - 200
          - 401
        prober: http
        timeout: 5s
kind: ConfigMap
metadata:
  labels:
    app.kubernetes.io/instance: blackbox-exporter
    app.kubernetes.io/managed-by: Helm
    app.kubernetes.io/name: prometheus-blackbox-exporter
    app.kubernetes.io/version: 0.23.0
    helm.sh/chart: prometheus-blackbox-exporter-7.2.0
  name: blackbox-exporter-prometheus-blackbox-exporter
  namespace: syn-blackbox-exporter
