apiVersion: apps/v1
kind: Deployment
metadata:
  labels:
    app.kubernetes.io/instance: blackbox-exporter
    app.kubernetes.io/managed-by: Helm
    app.kubernetes.io/name: prometheus-blackbox-exporter
    app.kubernetes.io/version: v0.24.0
    helm.sh/chart: prometheus-blackbox-exporter-7.12.0
  name: blackbox-exporter-prometheus-blackbox-exporter
  namespace: syn-blackbox-exporter
spec:
  replicas: 1
  selector:
    matchLabels:
      app.kubernetes.io/instance: blackbox-exporter
      app.kubernetes.io/name: prometheus-blackbox-exporter
  strategy:
    rollingUpdate:
      maxSurge: 1
      maxUnavailable: 0
    type: RollingUpdate
  template:
    metadata:
      annotations:
        checksum/config: 399fdb3909a2a10c63316b46da8297b180f6402b1cad6a3ca881cea03f1c1906
      labels:
        app.kubernetes.io/instance: blackbox-exporter
        app.kubernetes.io/managed-by: Helm
        app.kubernetes.io/name: prometheus-blackbox-exporter
        app.kubernetes.io/version: v0.24.0
        helm.sh/chart: prometheus-blackbox-exporter-7.12.0
    spec:
      automountServiceAccountToken: false
      containers:
        - args:
            - --config.file=/config/blackbox.yaml
          env: null
          image: prom/blackbox-exporter:v0.24.0
          imagePullPolicy: IfNotPresent
          livenessProbe:
            failureThreshold: 3
            httpGet:
              path: /-/healthy
              port: http
          name: blackbox-exporter
          ports:
            - containerPort: 9115
              name: http
          readinessProbe:
            httpGet:
              path: /-/healthy
              port: http
          resources: {}
          securityContext:
            allowPrivilegeEscalation: false
            capabilities:
              drop:
                - ALL
            readOnlyRootFilesystem: true
            runAsNonRoot: true
          volumeMounts:
            - mountPath: /config
              name: config
      hostNetwork: false
      restartPolicy: Always
      securityContext: {}
      serviceAccountName: blackbox-exporter-prometheus-blackbox-exporter
      volumes:
        - configMap:
            name: blackbox-exporter-prometheus-blackbox-exporter
          name: config
