apiVersion: v1
kind: ServiceAccount
metadata:
  labels:
    app.kubernetes.io/instance: blackbox-exporter
    app.kubernetes.io/managed-by: Helm
    app.kubernetes.io/name: prometheus-blackbox-exporter
    app.kubernetes.io/version: v0.24.0
    helm.sh/chart: prometheus-blackbox-exporter-7.12.0
  name: blackbox-exporter-prometheus-blackbox-exporter
  namespace: syn-blackbox-exporter
