apiVersion: v1
kind: Service
metadata:
  labels:
    app.kubernetes.io/instance: blackbox-exporter
    app.kubernetes.io/managed-by: Helm
    app.kubernetes.io/name: prometheus-blackbox-exporter
    app.kubernetes.io/version: 0.23.0
    helm.sh/chart: prometheus-blackbox-exporter-7.2.0
  name: blackbox-exporter-prometheus-blackbox-exporter
  namespace: syn-blackbox-exporter
spec:
  ports:
    - name: http
      port: 9115
      protocol: TCP
      targetPort: http
  selector:
    app.kubernetes.io/instance: blackbox-exporter
    app.kubernetes.io/name: prometheus-blackbox-exporter
  type: ClusterIP
