apiVersion: v1
kind: ServiceAccount
metadata:
  labels:
    app.kubernetes.io/instance: blackbox-exporter
    app.kubernetes.io/managed-by: Helm
    app.kubernetes.io/name: prometheus-blackbox-exporter
    app.kubernetes.io/version: 0.22.0
    helm.sh/chart: prometheus-blackbox-exporter-7.1.3
  name: blackbox-exporter-prometheus-blackbox-exporter
  namespace: syn-blackbox-exporter
