spec:
  ignoreDifferences:
    - group: monitoring.coreos.com
      jqPathExpressions:
        - .spec.endpoints[].metricRelabelings[]
      kind: ServiceMonitor
