apiVersion: v1
kind: Namespace
metadata:
  annotations: {}
  labels:
    name: syn-blackbox-exporter
  name: syn-blackbox-exporter
